=== 03_lpt_split su node04 ===
[build] omp_ablation (-march=native su node04)
[1/3] order {lpt,natural,random} x split {on,off}, T=16 skew
   order=lpt done
   order=natural done
   order=random done
[2/3] sweep T, task split on/off + loop dynamic1, skew
   T=1 done
   T=2 done
   T=4 done
   T=8 done
   T=16 done
   T=32 done
[3/3] hotmul {1,2,4,8,16,32,64}, T=16 skew
   hotmul=1 done
   hotmul=2 done
   hotmul=4 done
   hotmul=8 done
   hotmul=16 done
   hotmul=32 done
   hotmul=64 done
[ok] node04: results/order_split.csv  results/ceiling.csv  results/hotmul_sweep.csv
ALL_DONE_MARKER
