Compiling on node01...
Compile OK
Node: node01 | Cores: 32 | CPU: Intel(R) Xeon(R) CPU E5-2640 v2 @ 2.00GHz
Date: Fri Apr 10 03:36:45 PM CEST 2026

[1/5] Strong scaling...
  NR=10000000
    seq: 0.782326s
    t=1: 0.751871s
    t=2: 0.542863s
    t=4: 0.298051s
    t=8: 0.171105s
    t=10: 0.145755s
    t=14: 0.117314s
    t=20: 0.109764s
    t=24: 0.097863s
    t=32: 0.094384s
  NR=20000000
    seq: 1.553296s
    t=1: 1.524749s
    t=2: 1.083764s
    t=4: 0.615727s
    t=8: 0.350559s
    t=10: 0.288353s
    t=14: 0.228231s
    t=20: 0.206196s
    t=24: 0.181523s
    t=32: 0.167569s
[2/5] Weak scaling (NR_BASE=1M per thread)...
  t=1 NR=1000000: 0.078477s
  t=2 NR=2000000: 0.106346s
  t=4 NR=4000000: 0.112177s
  t=8 NR=8000000: 0.130573s
  t=10 NR=10000000: 0.144893s
  t=14 NR=14000000: 0.154868s
  t=20 NR=20000000: 0.206091s
  t=24 NR=24000000: 0.209378s
  t=32 NR=32000000: 0.237808s
[2b] Weak scaling (NR_BASE=5M per thread — larger workload)...
  t=1 NR=5000000: 0.376234s
  t=2 NR=10000000: 0.539377s
  t=4 NR=20000000: 0.612600s
  t=8 NR=40000000: 0.696436s
  t=10 NR=50000000: 0.695371s
  t=14 NR=70000000: 0.849172s
  t=20 NR=100000000: 0.972294s
  t=24 NR=120000000: 0.948866s
  t=32 NR=160000000: 1.284021s
[3/5] Phase breakdown...
[4/5] Partition sensitivity...
  P=16: 0.118480s
  P=32: 0.130308s
  P=64: 0.112980s
  P=128: 0.107499s
  P=256: 0.095627s
  P=512: 0.086029s
  P=1024: 0.085610s
  P=2048: 0.088802s
  P=4096: 0.093961s
[5/5] Duplicate density...
  max_key=100: seq=0.696757s par=0.109376s
  max_key=1000: seq=0.699911s par=0.101201s
  max_key=10000: seq=0.707785s par=0.094000s
  max_key=100000: seq=0.721121s par=0.100290s
  max_key=1000000: seq=0.766498s par=0.110297s
  max_key=10000000: seq=0.914843s par=0.133241s

[✓] Done!
=== CSV files ===
--- results/duplicate_density.csv ---
max_key,threads,time_seq,time_par
100,20,0.696757,0.109376
1000,20,0.699911,0.101201
10000,20,0.707785,0.094000
100000,20,0.721121,0.100290
1000000,20,0.766498,0.110297
10000000,20,0.914843,0.133241

--- results/partition_sensitivity.csv ---
P,threads,time_sec
16,20,0.118480
32,20,0.130308
64,20,0.112980
128,20,0.107499
256,20,0.095627
512,20,0.086029
1024,20,0.085610
2048,20,0.088802
4096,20,0.093961

--- results/phase_breakdown.csv ---
threads,histogram_R_ms,scatter_R_ms,histogram_S_ms,scatter_S_ms,join_local_ms,total_ms
1,17.012,133.661,33.848,275.094,309.463,769.078
1,17.714,132.518,34.067,278.000,290.427,752.726
2,12.250,103.270,36.516,226.096,161.053,539.184
4,17.868,53.914,22.507,110.226,87.769,292.284
8,15.237,27.869,19.585,56.746,52.294,171.731
10,11.219,22.735,18.843,47.527,44.535,144.858
14,9.273,17.319,15.743,35.212,36.914,114.462
20,6.907,14.108,14.374,28.104,43.231,106.724
24,5.817,12.554,10.500,23.647,35.429,87.948
32,6.747,10.547,12.409,19.281,38.477,87.461

--- results/strong_scaling.csv ---
nr,ns,threads,time_seq,time_par
10000000,20000000,1,0.782326,0.751871
10000000,20000000,2,0.782326,0.542863
10000000,20000000,4,0.782326,0.298051
10000000,20000000,8,0.782326,0.171105
10000000,20000000,10,0.782326,0.145755
10000000,20000000,14,0.782326,0.117314
10000000,20000000,20,0.782326,0.109764
10000000,20000000,24,0.782326,0.097863
10000000,20000000,32,0.782326,0.094384
20000000,40000000,1,1.553296,1.524749
20000000,40000000,2,1.553296,1.083764
20000000,40000000,4,1.553296,0.615727
20000000,40000000,8,1.553296,0.350559
20000000,40000000,10,1.553296,0.288353
20000000,40000000,14,1.553296,0.228231
20000000,40000000,20,1.553296,0.206196
20000000,40000000,24,1.553296,0.181523
20000000,40000000,32,1.553296,0.167569

--- results/weak_scaling_5M.csv ---
threads,nr,ns,time_sec
1,5000000,10000000,0.376234
2,10000000,20000000,0.539377
4,20000000,40000000,0.612600
8,40000000,80000000,0.696436
10,50000000,100000000,0.695371
14,70000000,140000000,0.849172
20,100000000,200000000,0.972294
24,120000000,240000000,0.948866
32,160000000,320000000,1.284021

--- results/weak_scaling.csv ---
threads,nr,ns,time_sec
1,1000000,2000000,0.078477
2,2000000,4000000,0.106346
4,4000000,8000000,0.112177
8,8000000,16000000,0.130573
10,10000000,20000000,0.144893
14,14000000,28000000,0.154868
20,20000000,40000000,0.206091
24,24000000,48000000,0.209378
32,32000000,64000000,0.237808

