Compiling on node02...
Compile OK
Node: node02 | Cores: 32 | CPU: Intel(R) Xeon(R) CPU E5-2640 v2 @ 2.00GHz
Date: Sun Apr  5 12:59:58 PM CEST 2026

[1/5] Strong scaling...
  NR=10000000
    seq: 1.300146s
    t=1: 1.314636s
    t=2: 0.849325s
    t=4: 0.482709s
    t=8: 0.296733s
    t=10: 0.259404s
    t=14: 0.214269s
    t=20: 0.195056s
  NR=20000000
    seq: 2.675409s
    t=1: 2.738989s
    t=2: 1.737428s
    t=4: 0.996081s
    t=8: 0.611529s
    t=10: 0.522565s
    t=14: 0.433254s
    t=20: 0.384385s
[2/5] Weak scaling...
  t=1 NR=1000000: 0.268422s
  t=2 NR=2000000: 0.202590s
  t=4 NR=4000000: 0.210335s
  t=8 NR=8000000: 0.241174s
  t=10 NR=10000000: 0.255857s
  t=14 NR=14000000: 0.299936s
  t=20 NR=20000000: 0.384954s
[3/5] Phase breakdown...
[4/5] Partition sensitivity...
  P=16: 0.353423s
  P=32: 0.266119s
  P=64: 0.212360s
  P=128: 0.194673s
  P=256: 0.177848s
  P=512: 0.169774s
  P=1024: 0.168917s
[5/5] Duplicate density...
  max_key=100: seq=1.025737s par=0.170845s
  max_key=1000: seq=1.032970s par=0.170956s
  max_key=10000: seq=1.023951s par=0.167621s
  max_key=100000: seq=1.031362s par=0.169329s
  max_key=1000000: seq=1.297920s par=0.191660s
  max_key=10000000: seq=1.985481s par=0.298415s

[✓] Done!
=== CSV files ===
--- results/duplicate_density.csv ---
max_key,threads,time_seq,time_par
100,20,1.025737,0.170845
1000,20,1.032970,0.170956
10000,20,1.023951,0.167621
100000,20,1.031362,0.169329
1000000,20,1.297920,0.191660
10000000,20,1.985481,0.298415

--- results/partition_sensitivity.csv ---
P,threads,time_sec
16,20,0.353423
32,20,0.266119
64,20,0.212360
128,20,0.194673
256,20,0.177848
512,20,0.169774
1024,20,0.168917

--- results/phase_breakdown.csv ---
threads,histogram_R_ms,scatter_R_ms,histogram_S_ms,scatter_S_ms,join_local_ms,total_ms
1,16.973,151.714,33.846,318.199,778.266,1298.998
1,17.836,132.412,33.803,274.782,791.213,1250.047
2,12.050,104.727,36.654,227.481,398.865,779.778
4,18.354,54.158,22.072,110.358,215.246,420.187
8,14.357,27.799,20.016,56.997,111.508,230.676
10,10.339,22.785,19.527,46.272,90.777,189.700
14,8.204,17.017,13.390,35.340,70.591,144.542
20,6.493,13.533,14.834,28.456,60.504,123.821

--- results/strong_scaling.csv ---
nr,ns,threads,time_seq,time_par
10000000,20000000,1,1.300146,1.314636
10000000,20000000,2,1.300146,0.849325
10000000,20000000,4,1.300146,0.482709
10000000,20000000,8,1.300146,0.296733
10000000,20000000,10,1.300146,0.259404
10000000,20000000,14,1.300146,0.214269
10000000,20000000,20,1.300146,0.195056
20000000,40000000,1,2.675409,2.738989
20000000,40000000,2,2.675409,1.737428
20000000,40000000,4,2.675409,0.996081
20000000,40000000,8,2.675409,0.611529
20000000,40000000,10,2.675409,0.522565
20000000,40000000,14,2.675409,0.433254
20000000,40000000,20,2.675409,0.384385

--- results/weak_scaling.csv ---
threads,nr,ns,time_sec
1,1000000,2000000,0.268422
2,2000000,4000000,0.202590
4,4000000,8000000,0.210335
8,8000000,16000000,0.241174
10,10000000,20000000,0.255857
14,14000000,28000000,0.299936
20,20000000,40000000,0.384954

