Compiling on node01...
Compile OK
Node: node01 | Cores: 32 | CPU: Intel(R) Xeon(R) CPU E5-2640 v2 @ 2.00GHz
Date: Fri Apr 10 02:12:17 PM CEST 2026

[1/5] Strong scaling...
  NR=10000000
    seq: 0.831629s
    t=1: 0.826857s
    t=2: 0.601950s
    t=4: 0.364875s
    t=8: 0.241880s
    t=10: 0.211506s
    t=14: 0.180613s
    t=20: 0.176083s
    t=24: 0.160308s
    t=32: 0.158551s
  NR=20000000
    seq: 1.681154s
    t=1: 1.644425s
    t=2: 1.214931s
    t=4: 0.743947s
    t=8: 0.478890s
    t=10: 0.429933s
    t=14: 0.363192s
    t=20: 0.342693s
    t=24: 0.316174s
    t=32: 0.293814s
[2/5] Weak scaling (NR_BASE=1M per thread)...
  t=1 NR=1000000: 0.086050s
  t=2 NR=2000000: 0.122129s
  t=4 NR=4000000: 0.142132s
  t=8 NR=8000000: 0.185637s
  t=10 NR=10000000: 0.214407s
  t=14 NR=14000000: 0.252335s
  t=20 NR=20000000: 0.339420s
  t=24 NR=24000000: 0.372842s
  t=32 NR=32000000: 0.451124s
[2b] Weak scaling (NR_BASE=5M per thread — larger workload)...
  t=1 NR=5000000: 0.408475s
  t=2 NR=10000000: 0.605354s
  t=4 NR=20000000: 0.739834s
  t=8 NR=40000000: 0.964678s
  t=10 NR=50000000: 1.034395s
  t=14 NR=70000000: 1.310932s
  t=20 NR=100000000: 1.595049s
  t=24 NR=120000000: 1.768165s
  t=32 NR=160000000: 2.337025s
[3/5] Phase breakdown...
[4/5] Partition sensitivity...
  P=16: 0.183780s
  P=32: 0.201148s
  P=64: 0.179406s
  P=128: 0.177082s
  P=256: 0.162712s
  P=512: 0.153523s
  P=1024: 0.152128s
[5/5] Duplicate density...
  max_key=100: seq=0.764046s par=0.170253s
  max_key=1000: seq=0.782945s par=0.165059s
  max_key=10000: seq=0.766690s par=0.164658s
  max_key=100000: seq=0.779793s par=0.168897s
  max_key=1000000: seq=0.845085s par=0.176883s
  max_key=10000000: seq=0.978145s par=0.200822s

[✓] Done!
=== CSV files ===
--- results/duplicate_density.csv ---
max_key,threads,time_seq,time_par
100,20,0.764046,0.170253
1000,20,0.782945,0.165059
10000,20,0.766690,0.164658
100000,20,0.779793,0.168897
1000000,20,0.845085,0.176883
10000000,20,0.978145,0.200822

--- results/partition_sensitivity.csv ---
P,threads,time_sec
16,20,0.183780
32,20,0.201148
64,20,0.179406
128,20,0.177082
256,20,0.162712
512,20,0.153523
1024,20,0.152128

--- results/phase_breakdown.csv ---
threads,histogram_R_ms,scatter_R_ms,histogram_S_ms,scatter_S_ms,join_local_ms,total_ms
1,16.982,151.086,33.788,333.690,309.118,844.664
1,17.510,131.832,33.790,290.382,290.479,763.994
2,11.859,103.929,38.006,229.291,159.858,542.942
4,17.527,54.828,22.504,114.103,86.846,295.808
8,13.542,27.904,19.691,56.861,52.552,170.551
10,10.752,22.890,18.149,48.810,44.763,145.364
14,8.941,16.809,15.991,34.915,36.169,112.823
20,6.473,14.026,15.069,28.821,45.936,110.324
24,6.239,12.616,10.879,23.483,42.162,95.379
32,6.528,10.739,11.737,19.259,40.954,89.217

--- results/strong_scaling.csv ---
nr,ns,threads,time_seq,time_par
10000000,20000000,1,0.831629,0.826857
10000000,20000000,2,0.831629,0.601950
10000000,20000000,4,0.831629,0.364875
10000000,20000000,8,0.831629,0.241880
10000000,20000000,10,0.831629,0.211506
10000000,20000000,14,0.831629,0.180613
10000000,20000000,20,0.831629,0.176083
10000000,20000000,24,0.831629,0.160308
10000000,20000000,32,0.831629,0.158551
20000000,40000000,1,1.681154,1.644425
20000000,40000000,2,1.681154,1.214931
20000000,40000000,4,1.681154,0.743947
20000000,40000000,8,1.681154,0.478890
20000000,40000000,10,1.681154,0.429933
20000000,40000000,14,1.681154,0.363192
20000000,40000000,20,1.681154,0.342693
20000000,40000000,24,1.681154,0.316174
20000000,40000000,32,1.681154,0.293814

--- results/weak_scaling_5M.csv ---
threads,nr,ns,time_sec
1,5000000,10000000,0.408475
2,10000000,20000000,0.605354
4,20000000,40000000,0.739834
8,40000000,80000000,0.964678
10,50000000,100000000,1.034395
14,70000000,140000000,1.310932
20,100000000,200000000,1.595049
24,120000000,240000000,1.768165
32,160000000,320000000,2.337025

--- results/weak_scaling.csv ---
threads,nr,ns,time_sec
1,1000000,2000000,0.086050
2,2000000,4000000,0.122129
4,4000000,8000000,0.142132
8,8000000,16000000,0.185637
10,10000000,20000000,0.214407
14,14000000,28000000,0.252335
20,20000000,40000000,0.339420
24,24000000,48000000,0.372842
32,32000000,64000000,0.451124

