Compiling on node02...
Compile OK
Node: node02 | Cores: 32 | CPU: Intel(R) Xeon(R) CPU E5-2640 v2 @ 2.00GHz
Date: Wed Apr 15 12:01:22 PM CEST 2026

[A] Strong scaling P=128, full T coverage...
  NR=10000000
    seq: 0.766465s
    T=1: 0.746943s
    T=2: 0.545604s
    T=4: 0.293368s
    T=8: 0.171831s
    T=12: 0.126809s
    T=16: 0.102275s
    T=20: 0.103475s
    T=22: 0.102028s
    T=24: 0.096680s
    T=26: 0.091937s
    T=28: 0.090186s
    T=30: 0.091428s
    T=32: 0.088693s
  NR=20000000
    seq: 1.574106s
    T=1: 1.514219s
    T=2: 1.085665s
    T=4: 0.606252s
    T=8: 0.350468s
    T=12: 0.252260s
    T=16: 0.207335s
    T=20: 0.214791s
    T=22: 0.190250s
    T=24: 0.182073s
    T=26: 0.172002s
    T=28: 0.168948s
    T=30: 0.168981s
    T=32: 0.163298s
[B] Strong scaling P=512, full T coverage...
  NR=10000000
    seq: 0.785398s
    T=1: 0.764504s
    T=2: 0.506524s
    T=4: 0.268681s
    T=8: 0.144352s
    T=12: 0.102909s
    T=16: 0.101217s
    T=20: 0.085763s
    T=22: 0.082993s
    T=24: 0.077195s
    T=26: 0.073842s
    T=28: 0.072934s
    T=30: 0.070954s
    T=32: 0.068825s
  NR=20000000
    seq: 1.600039s
    T=1: 1.553759s
    T=2: 1.024281s
    T=4: 0.539274s
    T=8: 0.290076s
    T=12: 0.206413s
    T=16: 0.166801s
    T=20: 0.173485s
    T=22: 0.165476s
    T=24: 0.157242s
    T=26: 0.150463s
    T=28: 0.144561s
    T=30: 0.141031s
    T=32: 0.138833s
[C] Weak scaling P=512, full T coverage...
  T=1 NR=1000000: 0.089934s
  T=2 NR=2000000: 0.114440s
  T=4 NR=4000000: 0.103902s
  T=8 NR=8000000: 0.112441s
  T=12 NR=12000000: 0.121990s
  T=16 NR=16000000: 0.126800s
  T=20 NR=20000000: 0.175093s
  T=22 NR=22000000: 0.180186s
  T=24 NR=24000000: 0.183826s
  T=26 NR=26000000: 0.188595s
  T=28 NR=28000000: 0.191093s
  T=30 NR=30000000: 0.195800s
  T=32 NR=32000000: 0.201763s

[✓] Supplement done!
=== CSV output ===
--- results/strong_scaling_full.csv ---
nr,ns,threads,time_seq,time_par
10000000,20000000,1,0.766465,0.746943
10000000,20000000,2,0.766465,0.545604
10000000,20000000,4,0.766465,0.293368
10000000,20000000,8,0.766465,0.171831
10000000,20000000,12,0.766465,0.126809
10000000,20000000,16,0.766465,0.102275
10000000,20000000,20,0.766465,0.103475
10000000,20000000,22,0.766465,0.102028
10000000,20000000,24,0.766465,0.096680
10000000,20000000,26,0.766465,0.091937
10000000,20000000,28,0.766465,0.090186
10000000,20000000,30,0.766465,0.091428
10000000,20000000,32,0.766465,0.088693
20000000,40000000,1,1.574106,1.514219
20000000,40000000,2,1.574106,1.085665
20000000,40000000,4,1.574106,0.606252
20000000,40000000,8,1.574106,0.350468
20000000,40000000,12,1.574106,0.252260
20000000,40000000,16,1.574106,0.207335
20000000,40000000,20,1.574106,0.214791
20000000,40000000,22,1.574106,0.190250
20000000,40000000,24,1.574106,0.182073
20000000,40000000,26,1.574106,0.172002
20000000,40000000,28,1.574106,0.168948
20000000,40000000,30,1.574106,0.168981
20000000,40000000,32,1.574106,0.163298

--- results/strong_scaling_p512.csv ---
nr,ns,threads,time_seq,time_par
10000000,20000000,1,0.785398,0.764504
10000000,20000000,2,0.785398,0.506524
10000000,20000000,4,0.785398,0.268681
10000000,20000000,8,0.785398,0.144352
10000000,20000000,12,0.785398,0.102909
10000000,20000000,16,0.785398,0.101217
10000000,20000000,20,0.785398,0.085763
10000000,20000000,22,0.785398,0.082993
10000000,20000000,24,0.785398,0.077195
10000000,20000000,26,0.785398,0.073842
10000000,20000000,28,0.785398,0.072934
10000000,20000000,30,0.785398,0.070954
10000000,20000000,32,0.785398,0.068825
20000000,40000000,1,1.600039,1.553759
20000000,40000000,2,1.600039,1.024281
20000000,40000000,4,1.600039,0.539274
20000000,40000000,8,1.600039,0.290076
20000000,40000000,12,1.600039,0.206413
20000000,40000000,16,1.600039,0.166801
20000000,40000000,20,1.600039,0.173485
20000000,40000000,22,1.600039,0.165476
20000000,40000000,24,1.600039,0.157242
20000000,40000000,26,1.600039,0.150463
20000000,40000000,28,1.600039,0.144561
20000000,40000000,30,1.600039,0.141031
20000000,40000000,32,1.600039,0.138833

--- results/weak_scaling_p512.csv ---
threads,nr,ns,time_sec
1,1000000,2000000,0.089934
2,2000000,4000000,0.114440
4,4000000,8000000,0.103902
8,8000000,16000000,0.112441
12,12000000,24000000,0.121990
16,16000000,32000000,0.126800
20,20000000,40000000,0.175093
22,22000000,44000000,0.180186
24,24000000,48000000,0.183826
26,26000000,52000000,0.188595
28,28000000,56000000,0.191093
30,30000000,60000000,0.195800
32,32000000,64000000,0.201763

