Compiling on node01...
Compile OK
Node: node01 | Cores: 32 | CPU: Intel(R) Xeon(R) CPU E5-2640 v2 @ 2.00GHz
Date: Thu Apr  9 05:13:36 PM CEST 2026

[1/5] Strong scaling...
  NR=10000000
    seq: 1.292721s
    t=1: 1.314957s
    t=2: 0.845889s
    t=4: 0.484827s
    t=8: 0.299378s
    t=10: 0.258128s
    t=14: 0.216095s
    t=20: 0.191013s
    t=24: 0.191386s
    t=32: 0.186601s
  NR=20000000
    seq: 2.466975s
    t=1: 2.706289s
    t=2: 1.740648s
    t=4: 0.980099s
    t=8: 0.605815s
    t=10: 0.525036s
    t=14: 0.433144s
    t=20: 0.383906s
    t=24: 0.370707s
    t=32: 0.363611s
[2/5] Weak scaling...
  t=1 NR=1000000: 0.263814s
  t=2 NR=2000000: 0.199943s
  t=4 NR=4000000: 0.208673s
  t=8 NR=8000000: 0.239149s
  t=10 NR=10000000: 0.256054s
  t=14 NR=14000000: 0.299233s
  t=20 NR=20000000: 0.387877s
  t=24 NR=24000000: 0.444750s
  t=32 NR=32000000: 0.554231s
[3/5] Phase breakdown...
[4/5] Partition sensitivity...
  P=16: 0.354802s
  P=32: 0.264457s
  P=64: 0.209860s
  P=128: 0.193870s
  P=256: 0.176607s
  P=512: 0.168179s
  P=1024: 0.167201s
[5/5] Duplicate density...
  max_key=100: seq=1.019708s par=0.168655s
  max_key=1000: seq=1.029239s par=0.166115s
  max_key=10000: seq=1.022397s par=0.167718s
  max_key=100000: seq=1.031489s par=0.168903s
  max_key=1000000: seq=1.306774s par=0.194762s
  max_key=10000000: seq=2.004587s par=0.292970s

[✓] Done!
=== CSV files ===
--- results/duplicate_density.csv ---
max_key,threads,time_seq,time_par
100,20,1.019708,0.168655
1000,20,1.029239,0.166115
10000,20,1.022397,0.167718
100000,20,1.031489,0.168903
1000000,20,1.306774,0.194762
10000000,20,2.004587,0.292970

--- results/partition_sensitivity.csv ---
P,threads,time_sec
16,20,0.354802
32,20,0.264457
64,20,0.209860
128,20,0.193870
256,20,0.176607
512,20,0.168179
1024,20,0.167201

--- results/phase_breakdown.csv ---
threads,histogram_R_ms,scatter_R_ms,histogram_S_ms,scatter_S_ms,join_local_ms,total_ms
1,16.999,151.422,33.809,321.433,767.858,1291.521
1,17.562,132.675,34.307,277.632,790.495,1252.671
2,11.945,103.447,37.082,222.244,398.626,773.345
4,17.944,54.005,21.900,112.687,211.508,418.044
8,13.925,27.876,19.601,56.684,110.753,228.839
10,10.623,23.017,17.748,46.502,91.479,189.369
14,8.608,17.116,15.142,35.256,69.660,145.782
20,6.228,13.627,13.294,28.231,60.114,121.495
24,6.132,12.241,10.581,24.458,64.387,117.800
32,6.323,10.749,11.632,19.537,69.427,117.667

--- results/strong_scaling.csv ---
nr,ns,threads,time_seq,time_par
10000000,20000000,1,1.292721,1.314957
10000000,20000000,2,1.292721,0.845889
10000000,20000000,4,1.292721,0.484827
10000000,20000000,8,1.292721,0.299378
10000000,20000000,10,1.292721,0.258128
10000000,20000000,14,1.292721,0.216095
10000000,20000000,20,1.292721,0.191013
10000000,20000000,24,1.292721,0.191386
10000000,20000000,32,1.292721,0.186601
20000000,40000000,1,2.466975,2.706289
20000000,40000000,2,2.466975,1.740648
20000000,40000000,4,2.466975,0.980099
20000000,40000000,8,2.466975,0.605815
20000000,40000000,10,2.466975,0.525036
20000000,40000000,14,2.466975,0.433144
20000000,40000000,20,2.466975,0.383906
20000000,40000000,24,2.466975,0.370707
20000000,40000000,32,2.466975,0.363611

--- results/weak_scaling.csv ---
threads,nr,ns,time_sec
1,1000000,2000000,0.263814
2,2000000,4000000,0.199943
4,4000000,8000000,0.208673
8,8000000,16000000,0.239149
10,10000000,20000000,0.256054
14,14000000,28000000,0.299233
20,20000000,40000000,0.387877
24,24000000,48000000,0.444750
32,32000000,64000000,0.554231

