============================================
 SPM Module 2 — Benchmark Suite
 Node:  node01
 Cores: 32
 Date:  Sun Apr  5 12:46:19 PM CEST 2026
 CPU:   Intel(R) Xeon(R) CPU E5-2640 v2 @ 2.00GHz
============================================

[1/5] Strong scaling...
  NR=10000000 NS=20000000
    seq: 999999s
    t=1: 999999s
    t=2: 999999s
    t=4: 999999s
    t=8: 999999s
    t=10: 999999s
    t=14: 999999s
    t=20: 999999s
  NR=20000000 NS=40000000
    seq: 999999s
    t=1: 999999s
    t=2: 999999s
    t=4: 999999s
    t=8: 999999s
    t=10: 999999s
    t=14: 999999s
    t=20: 999999s
[2/5] Weak scaling...
  t=1 NR=1000000: 999999s
  t=2 NR=2000000: 999999s
  t=4 NR=4000000: 999999s
  t=8 NR=8000000: 999999s
  t=10 NR=10000000: 999999s
  t=14 NR=14000000: 999999s
  t=20 NR=20000000: 999999s
[3/5] Phase breakdown...
